[38;2;158;206;106m$[0m quarry shop.db -F csv -e "select id, email from users order by id limit 3"
id,email
1,user1@example.com
2,user2@example.com
3,user3@example.com
[38;2;158;206;106m$[0m quarry shop.db -F json -e "select status, count(*) as n from orders group by 1"
[
  {"status": "new", "n": 666},
  {"status": "paid", "n": 667},
  {"status": "shipped", "n": 667}
]
